MO Decodificador NULL SafeBox.v vlg68/_decodificador.bin 1340747157
MO Display NULL SafeBox.v vlg7E/_display.bin 1340747157
MO Update_And_Check NULL SafeBox.v vlg3A/_update___and___check.bin 1340747157
MO Registro NULL SafeBox.v vlg47/_registro.bin 1340747157
MO Divisor NULL SafeBox.v vlg54/_divisor.bin 1340747157
MO PTD NULL SafeBox.v vlg38/_p_t_d.bin 1340747157
MO SafeBox NULL SafeBox.v vlg6C/_safe_box.bin 1340747157
